// Jest Snapshot v1, https://goo.gl/fbAQLP

exports[`student component should render component as described in snapshot 1`] = `
<app-student
  dataSource={[Function MatTableDataSource]}
  dialog={[Function UserDialogMock]}
  displayedColumns={[Function Array]}
  paginator={[Function MatPaginator]}
  resultsLength="0"
  sort={[Function MatSort]}
  studentService={[Function Object]}
  table={[Function ElementRef]}
>
  <div
    class="main-content"
  >
    
    
    <div
      class="container-fluid"
    >
      
      
      <div
        class="row"
      >
        
        
        <div
          class="example-header"
        >
          
          
          <mat-form-field
            color="accent"
            floatplaceholder="never"
          >
            
            
            <input
              matinput=""
              placeholder="Filter issues"
            />
            
          
          </mat-form-field>
          
        
        </div>
        
        
        <div
          class="example-header"
        >
          
          
          <button
            color="primary"
            mat-raised-button=""
          >
            הוספת תלמיד חדש
          </button>
          
        
        </div>
        
      
      </div>
      
      
      <div
        class="row"
      >
        
        
        <div
          class="col-lg-12 col-md-12 col-sm-12"
        >
          
          
          <mat-table
            class="example-table"
            matsort=""
            matsortactive="firstName"
            matsortdirection="asc"
            matsortdisableclear=""
          >
            
            
            
            
            
            
              
            
            
              
            
            
            
            
  
            
            
            
            
            
              
            
            
              
            
            
            
            
  
            
            
            
            
            
              
            
            
              
            
            
            
            
  
            
            
            
            
            
              
            
            
              
            
            
            
            
  
            
            
            
            
            
              
            
            
              
            
            
            
            
  
            
            
            
            
            --&gt;
              
            
            
              
            
            
            
            
  
            
            
            
            
            
            
          
          </mat-table>
          
  
          
          <mat-paginator
            class="mat-paginator"
          >
            <div
              class="mat-paginator-container"
            >
              
              <div
                class="mat-paginator-range-actions"
              >
                <div
                  class="mat-paginator-range-label"
                >
                  
                </div>
                
                <button
                  class="mat-paginator-navigation-previous"
                  mat-icon-button=""
                  type="button"
                >
                  <svg
                    class="mat-paginator-icon"
                    focusable="false"
                    viewBox="0 0 24 24"
                  >
                    <path
                      d="M15.41 7.41L14 6l-6 6 6 6 1.41-1.41L10.83 12z"
                    />
                  </svg>
                </button>
                <button
                  class="mat-paginator-navigation-next"
                  mat-icon-button=""
                  type="button"
                >
                  <svg
                    class="mat-paginator-icon"
                    focusable="false"
                    viewBox="0 0 24 24"
                  >
                    <path
                      d="M10 6L8.59 7.41 13.17 12l-4.58 4.59L10 18l6-6z"
                    />
                  </svg>
                </button>
                
              </div>
            </div>
          </mat-paginator>
          
        
        </div>
        
      
      </div>
      
    
    </div>
    
  
  </div>
  
</app-student>
`;
