// Jest Snapshot v1, https://goo.gl/fbAQLP

exports[`class component should render component as described in snapshot 1`] = `
<app-grade
  classService={[Function Object]}
  dataSource={[Function MatTableDataSource]}
  dialog={[Function Object]}
  displayedColumns={[Function Array]}
  mswSnackbar={[Function Object]}
  resultsLength="0"
  router={[Function Object]}
  scheduleService={[Function Object]}
  sort={[Function MatSort]}
  subCollector={[Function Subscription]}
  table={[Function ElementRef]}
  translate={[Function TranslateService]}
>
  <div
    class="main-content msw-class-container"
    data-test-id="classes-page"
  >
    <div
      class="container-fluid"
    >
      <div
        class="header-menu-container msw-table-tools-header"
      >
        <div
          class="header-table-count"
        >
          <div>
            <span
              class="header-table-count-label"
            >
               CLASS.CLASSES
            </span>
            <span
              class="header-table-count-number"
            >
              (23)
            </span>
          </div>
        </div>
        <div
          class="example-header msw-table-tools-header"
        >
          <button
            color="primary"
            data-test-id="add-class-button"
            mat-raised-button=""
          >
             CLASS.NEW_CLASS_BTN 
          </button>
        </div>
      </div>
      <div
        class="row msw-table-container"
      >
        <div
          class="col-lg-12 col-md-12 col-sm-12"
        >
          <mat-table
            class="msw-table"
            matsort=""
            matsortactive="name"
            matsortdirection="asc"
            matsortdisableclear=""
            ng-reflect-active="name"
            ng-reflect-direction="asc"
            ng-reflect-disable-clear=""
          >
            
            
            
            
            
            
            
            
            
            
            
          </mat-table>
        </div>
      </div>
    </div>
  </div>
</app-grade>
`;
