// Jest Snapshot v1, https://goo.gl/fbAQLP

exports[`MapContainerComponent should match snapshot 1`] = `
<app-maps-container
  availableFloors={[Function Array]}
  currentFloor="0"
  currentFloorLocations={[Function Array]}
  locationService={[Function Object]}
  locations={[Function Array]}
>
  <app-map-view />
</app-maps-container>
`;
