// Jest Snapshot v1, https://goo.gl/fbAQLP

exports[`footer component should render component as described in snapshot 1`] = `
<app-footer
  test={[Function Date]}
>
  <footer
    class="footer"
  >
    <div
      class="container-fluid"
    >
      <div
        class="copyright pull-right"
      >
         פותח ב ❤️ על ידי AT&T ישראל ©️ 
      </div>
    </div>
  </footer>
</app-footer>
`;
