// Jest Snapshot v1, https://goo.gl/fbAQLP

exports[`Student Details Component with _new_ student path should render the component as described in snapshot 1`] = `
<app-student-details
  activeLink={[Function String]}
  links={[Function Array]}
  route={[Function Object]}
>
  <div
    class="msw-student"
  >
    <div
      class="msw-student-header"
    >
      <div
        class="msw-student-header-back"
        routerlink="/student"
        tabindex="0"
      >
        <i
          class="material-icons"
        >
           keyboard_arrow_right 
        </i>
        <span
          class="msw-student-header-back-label"
        >
           כל התלמידים 
        </span>
      </div>
      <div
        class="msw-student-header-nav"
      >
        <div
          class="msw-student-header-nav-tabs"
        >
          <nav
            mat-tab-nav-bar=""
          >
            
          </nav>
          <router-outlet />
        </div>
      </div>
    </div>
  </div>
</app-student-details>
`;

exports[`Student Details Component with edit student path should render the component as described in snapshot 1`] = `
<app-student-details
  activeLink={[Function String]}
  links={[Function Array]}
  route={[Function Object]}
>
  <div
    class="msw-student"
  >
    <div
      class="msw-student-header"
    >
      <div
        class="msw-student-header-back"
        routerlink="/student"
        tabindex="0"
      >
        <i
          class="material-icons"
        >
           keyboard_arrow_right 
        </i>
        <span
          class="msw-student-header-back-label"
        >
           כל התלמידים 
        </span>
      </div>
      <div
        class="msw-student-header-nav"
      >
        <div
          class="msw-student-header-nav-tabs"
        >
          <nav
            mat-tab-nav-bar=""
          >
            
          </nav>
          <router-outlet />
        </div>
      </div>
    </div>
  </div>
</app-student-details>
`;
