// Jest Snapshot v1, https://goo.gl/fbAQLP

exports[`ResetPasswordComponent should render the component as described in snapshot 1`] = `
<app-reset-password
  authenticationService={[Function Object]}
  formFieldOptions={[Function FormGroup]}
  model={[Function Object]}
  route={[Function Object]}
  router={[Function Object]}
  sentResponse="false"
>
  <div
    class="login-container"
  >
    <form
      name="form"
      novalidate=""
    >
      <div
        class="login-card"
      >
        <div
          class="msw-login-logo-ph"
        >
          <img
            alt=""
            src="/assets/img/myway.png"
          />
        </div>
        <div
          class="msw-reset-title"
        >
          שכחת סיסמא ?
        </div>
        <div
          class="msw-reset-subtitle"
        >
           אין בעייה, הזן את כתובת המייל ואנו נשלח לך סיסמא חדשה 
        </div>
        <div
          class="card-form"
        >
          <div
            class="form-row"
          >
            <mat-form-field>
              <input
                matinput=""
                name="email"
                placeholder="אימייל"
                required=""
                type="email"
              />
            </mat-form-field>
            
          </div>
          <a
            class="back-to-login"
            routerlink="/login"
          >
            נזכרתי בסיסמא
          </a>
        </div>
        <div
          class="card-footer"
        >
          <button
            mat-button=""
          >
            שחזר סיסמא
          </button>
        </div>
      </div>
    </form>
    <div
      class="msw-login-footer"
    >
      <img
        class="img"
        src="/assets/img/tinti.png"
      />
      <div
        class="gray-bar"
      />
    </div>
  </div>
</app-reset-password>
`;
