// Jest Snapshot v1, https://goo.gl/fbAQLP

exports[`map component should render the map component correctly 1`] = `
<app-map
  availableFloors={[Function Array]}
  currentFloor={[Function Number]}
  indoorAtlasPaths={[Function Object]}
  mapService={[Function Object]}
  options={[Function Object]}
>
  
  <div
    class="map"
    leaflet=""
  >
    
  
  </div>
</app-map>
`;
