// Jest Snapshot v1, https://goo.gl/fbAQLP

exports[`user component should render component as described in snapshot 1`] = `
<app-user
  dataSource={[Function MatTableDataSource]}
  dialog={[Function Object]}
  displayedColumns={[Function Array]}
  resultsLength="0"
  sort={[Function MatSort]}
  subCollector={[Function Subscription]}
  table={[Function ElementRef]}
  userService={[Function Object]}
>
  <div
    class="main-content"
    data-test-id="users-page"
  >
    <div
      class="container-fluid"
    >
      <div
        class="header-menu-container msw-table-tools-header"
      >
        <div
          class="header-table-count"
        >
          <div>
            <span
              class="header-table-count-label"
            >
              משתמשים
            </span>
            <span
              class="header-table-count-number"
            >
              (2)
            </span>
          </div>
        </div>
        <div
          class="example-header msw-table-tools-header"
        >
          <button
            color="primary"
            mat-raised-button=""
          >
            <i
              class="material-icons"
            >
               add 
            </i>
             הוספת משתמש חדש 
          </button>
        </div>
      </div>
      <div
        class="row"
      >
        <div
          class="col-lg-12 col-md-12 col-sm-12"
        >
          <mat-table
            class="msw-table"
            matsort=""
            matsortactive="firstName"
            matsortdirection="asc"
            matsortdisableclear=""
            ng-reflect-active="firstName"
            ng-reflect-direction="asc"
            ng-reflect-disable-clear=""
          >
            
            
            
            
            
            
            
            
            
            
            
            
            
            
            
            
            
            
            
            --&gt; 
            
            
            
            
          </mat-table>
        </div>
      </div>
    </div>
  </div>
</app-user>
`;
