// Jest Snapshot v1, https://goo.gl/fbAQLP

exports[`Student Details Personal Info Component with _new_ student path should render the component as described in snapshot 1`] = `
<app-student-details-personal-info
  changesWereSaved="false"
  classService={[Function Object]}
  femaleFaceIcon={[Function String]}
  isClassDropDownDisabled="false"
  maleFaceIcon={[Function String]}
  route={[Function Object]}
  router={[Function Object]}
  saveFailed="false"
  studentService={[Function Object]}
>
  <div
    class="msw-student-body-ph"
  >
    
    <div
      class="msw-student-body"
    >
      <div
        class="msw-student-user-pic-ph"
      >
        <img
          alt=""
          class="img"
          src="/assets/img/picking.tinti.png"
        />
      </div>
      <div
        class="msw-student-user-form"
      >
        
      </div>
    </div>
  </div>
</app-student-details-personal-info>
`;
